HI-TECH Software C Compiler 

Linker command line:

--edf=C:\Program Files (x86)\HI-TECH Software\PICC\9.83\dat\en_msgs.txt -cs \
  -h+I2C.sym -z -Q16F628A -ol.obj -MI2C.map -E1 -ACONST=00h-0FFhx8 \
  -ACODE=00h-07FFh -ASTRCODE=00h-07FFh -AENTRY=00h-0FFhx8 \
  -ASTRING=00h-0FFhx8 -ABANK0=020h-06Fh -ABANK1=0A0h-0EFh \
  -ABANK2=0120h-014Fh -ARAM=020h-06Fh,0A0h-0EFh,0120h-014Fh \
  -AABS1=020h-07Fh,0A0h-0EFh,0120h-014Fh -ACOMMON=070h-07Fh -ASFR0=00h-01Fh \
  -ASFR1=080h-09Fh -ASFR2=0100h-011Fh -ASFR3=0180h-01EFh \
  -preset_vec=00h,intentry,init,end_init -ppowerup=CODE -pfunctab=CODE \
  -ACONFIG=02007h-02007h -pconfig=CONFIG -DCONFIG=2 -AIDLOC=02000h-02003h \
  -pidloc=IDLOC -DIDLOC=2 -AEEDATA=00h-07Fh/02100h -peeprom_data=EEDATA \
  -DEEDATA=2 -DCODE=2 -DSTRCODE=2 -DSTRING=2 -DCONST=2 -DENTRY=2 -k \
  startup.obj I2C.obj 

Object code version is 3.10

Machine type is 16F628A



                Name                               Link     Load   Length Selector   Space Scale
startup.obj     end_init                              0        0        1        0       0
I2C.obj         config                             2007     2007        1     400E       0
                text86                              73B      73B        7      E76       0
                text85                              74A      74A       11      E94       0
                text84                              773      773       21      EE6       0
                text83                              75B      75B       18      EB6       0
                text82                              7C3      7C3       3D      F86       0
                text81                              794      794       2F      F28       0
                maintext                            742      742        8      E84       0
                cstackCOMMON                         70       70        3       70       1
                cinit                               739      739        2      E72       0

TOTAL           Name                               Link     Load   Length     Space
        CLASS   CONST          

        CLASS   CODE           
                end_init                              0        0        1         0
                text86                              73B      73B        7         0
                text85                              74A      74A       11         0
                text84                              773      773       21         0
                text83                              75B      75B       18         0
                text82                              7C3      7C3       3D         0
                text81                              794      794       2F         0
                maintext                            742      742        8         0
                cinit                               739      739        2         0

        CLASS   STRCODE        

        CLASS   ENTRY          

        CLASS   STRING         

        CLASS   BANK0          

        CLASS   BANK1          

        CLASS   BANK2          

        CLASS   RAM            

        CLASS   ABS1           
                abs_s1                               7E       7E        2         1

        CLASS   COMMON         
                cstackCOMMON                         70       70        3         1

        CLASS   SFR0           

        CLASS   SFR1           

        CLASS   SFR2           

        CLASS   SFR3           

        CLASS   CONFIG         
                config                             2007     2007        1         0

        CLASS   IDLOC          

        CLASS   EEDATA         

        CLASS   BANK3          



SEGMENTS        Name                           Load    Length   Top    Selector   Space  Class     Delta

                reset_vec                      000000  000001  000001         0       0  CODE        2
                cstackCOMMON                   000070  000003  000073        70       1  COMMON      1
                cinit                          000739  000002  00073B       E72       0  CODE        2
                text86                         00073B  000007  000742       E76       0  CODE        2
                maintext                       000742  000008  00074A       E84       0  CODE        2
                text85                         00074A  000011  00075B       E94       0  CODE        2
                text83                         00075B  000018  000773       EB6       0  CODE        2
                text84                         000773  000021  000794       EE6       0  CODE        2
                text81                         000794  00002F  0007C3       F28       0  CODE        2
                text82                         0007C3  00003D  000800       F86       0  CODE        2
                config                         002007  000001  002008      400E       0  CONFIG      2


UNUSED ADDRESS RANGES

        Name                Unused          Largest block    Delta
        BANK0            0020-006F             50           1
        BANK1            00A0-00EF             50           1
        BANK2            0120-014F             30           1
        CODE             0001-0738            738           2
        COMMON           0073-007D              B           1
        CONST            0001-0738            100           2
        EEDATA           2100-217F             80           2
        ENTRY            0001-0738            100           2
        IDLOC            2000-2003              4           2
        RAM              0020-006F             50           1
                         00A0-00EF             50
                         0120-014F             30
        SFR0             0000-001F             20           1
        SFR1             0080-009F             20           1
        SFR2             0100-011F             20           1
        SFR3             0180-01EF             70           1
        STRCODE          0001-0738            738           2
        STRING           0001-0738            100           2

                                  Symbol Table

??_I2C_Read_Byte         cstackCOMMON 0070
??_I2C_Send_ACK          cstackCOMMON 0070
??_I2C_Start             cstackCOMMON 0070
??_I2C_Stop              cstackCOMMON 0070
??_I2C_Write_Byte        cstackCOMMON 0070
??_InitI2C               cstackCOMMON 0070
??_main                  cstackCOMMON 0073
?_I2C_Read_Byte          cstackCOMMON 0070
?_I2C_Send_ACK           cstackCOMMON 0070
?_I2C_Start              cstackCOMMON 0070
?_I2C_Stop               cstackCOMMON 0070
?_I2C_Write_Byte         cstackCOMMON 0070
?_InitI2C                cstackCOMMON 0070
?_main                   cstackCOMMON 0070
I2C_Read_Byte@RxData     cstackCOMMON 0071
I2C_Read_Byte@i          cstackCOMMON 0072
I2C_Write_Byte@Byte      cstackCOMMON 0071
I2C_Write_Byte@i         cstackCOMMON 0072
_I2C_Read_Byte           text81       0794
_I2C_Send_ACK            text83       075B
_I2C_Start               text85       074A
_I2C_Stop                text84       0773
_I2C_Write_Byte          text82       07C3
_InitI2C                 text86       073B
_RA4                     (abs)        002C
_RB0                     (abs)        0030
_TRISA4                  (abs)        042C
_TRISB0                  (abs)        0430
__Habs1                  abs1         0000
__Hbank0                 bank0        0000
__Hbank1                 bank1        0000
__Hbank2                 bank2        0000
__Hbank3                 bank3        0000
__Hcinit                 cinit        0000
__Hclrtext               clrtext      0000
__Hcode                  code         0000
__Hcommon                common       0000
__Hconfig                config       2008
__HcstackCOMMON          cstackCOMMON 0000
__Heeprom_data           eeprom_data  0000
__Hend_init              end_init     0001
__Hfunctab               functab      0000
__Hidloc                 idloc        0000
__Hinit                  init         0000
__Hintentry              intentry     0000
__Hmaintext              maintext     0000
__Hpa_nodes              pa_nodes     0000
__Hpowerup               powerup      0000
__Hram                   ram          0000
__Hreset_vec             reset_vec    0000
__Hsfr0                  sfr0         0000
__Hsfr1                  sfr1         0000
__Hsfr2                  sfr2         0000
__Hsfr3                  sfr3         0000
__Hstrings               strings      0000
__Htext                  text         0000
__Labs1                  abs1         0000
__Lbank0                 bank0        0000
__Lbank1                 bank1        0000
__Lbank2                 bank2        0000
__Lbank3                 bank3        0000
__Lcinit                 cinit        0000
__Lclrtext               clrtext      0000
__Lcode                  code         0000
__Lcommon                common       0000
__Lconfig                config       2007
__LcstackCOMMON          cstackCOMMON 0000
__Leeprom_data           eeprom_data  0000
__Lend_init              end_init     0000
__Lfunctab               functab      0000
__Lidloc                 idloc        0000
__Linit                  init         0000
__Lintentry              intentry     0000
__Lmaintext              maintext     0000
__Lpa_nodes              pa_nodes     0000
__Lpowerup               powerup      0000
__Lram                   ram          0000
__Lreset_vec             reset_vec    0000
__Lsfr0                  sfr0         0000
__Lsfr1                  sfr1         0000
__Lsfr2                  sfr2         0000
__Lsfr3                  sfr3         0000
__Lstrings               strings      0000
__Ltext                  text         0000
__S0                     (abs)        2008
__S1                     (abs)        0073
__S2                     (abs)        0000
__end_of_I2C_Read_Byte   text81       07C3
__end_of_I2C_Send_ACK    text83       0773
__end_of_I2C_Start       text85       075B
__end_of_I2C_Stop        text84       0794
__end_of_I2C_Write_Byte  text82       0800
__end_of_InitI2C         text86       0742
__end_of_main            maintext     074A
__pcstackCOMMON          cstackCOMMON 0070
__pmaintext              maintext     0742
__ptext80                text80       0000
__ptext81                text81       0794
__ptext82                text82       07C3
__ptext83                text83       075B
__ptext84                text84       0773
__ptext85                text85       074A
__ptext86                text86       073B
__ptext87                text87       0000
__size_of_I2C_Read_Byte  (abs)        0000
__size_of_I2C_Send_ACK   (abs)        0000
__size_of_I2C_Start      (abs)        0000
__size_of_I2C_Stop       (abs)        0000
__size_of_I2C_Write_Byte (abs)        0000
__size_of_InitI2C        (abs)        0000
__size_of_main           (abs)        0000
_exit                    init         0000
_main                    maintext     0742
btemp                    (abs)        007E
end_of_initialization    cinit        0739
intlevel0                functab      0000
intlevel1                functab      0000
intlevel2                functab      0000
intlevel3                functab      0000
intlevel4                functab      0000
intlevel5                functab      0000
l1585                                     
l1587                                     
l1589                                     
l1591                                     
l1593                                     
l1595                                     
l1597                                     
l1599                                     
l1601                                     
l1603                                     
l1605                                     
l1607                                     
l1609                                     
l1611                                     
l1617                                     
l1619                                     
l1625                                     
l1627                                     
l1629                                     
l1631                                     
l1633                                     
l1635                                     
l1639                                     
l1645                                     
l1647                                     
l1649                                     
l1651                                     
l1653                                     
l1659                                     
l1661                                     
l1663                                     
l1665                                     
l1667                                     
l1669                                     
l379                                      
l382                                      
l388                                      
l391                                      
l401                                      
l406                                      
reset_vec                reset_vec    0000
start                    init         0000
start_initialization     cinit        0739
wtemp0                   (abs)        007E
